// Vitest Snapshot v1, https://vitest.dev/guide/snapshot.html

exports[`Chat > send message and regenerate 1`] = `
<DocumentFragment>
  <div
    class="relative h-full w-full"
  >
    <div
      class="flex h-full w-full flex-col"
    >
      <div
        class="w-full flex-col border-slate-200 max-md:hidden sm:hidden lg:flex border-b"
      >
        <div
          class="flex w-full items-center justify-between px-6 py-3"
        >
          <h2
            class="font-medium"
          >
            test-chat-session
          </h2>
          <button
            class="inline-flex items-center justify-center text-sm font-medium ring-offset-background transition-colors focus-visible:outline-none focus-visible:ring-2 focus-visible:ring-ring focus-visible:ring-offset-2 disabled:pointer-events-none disabled:opacity-50 border border-input bg-background hover:bg-accent hover:text-accent-foreground rounded-full h-8 w-8"
            data-state="closed"
          >
            <svg
              class="lucide lucide-zap"
              fill="none"
              height="16"
              stroke="currentColor"
              stroke-linecap="round"
              stroke-linejoin="round"
              stroke-width="2"
              viewBox="0 0 24 24"
              width="16"
              xmlns="http://www.w3.org/2000/svg"
            >
              <polygon
                points="13 2 3 14 12 14 11 22 21 10 12 10 13 2"
              />
            </svg>
          </button>
        </div>
      </div>
      <div
        class="flex h-0 flex-1"
      >
        <div
          class="flex flex-1 flex-col"
        >
          <div
            class="flex flex-1 flex-col gap-12 overflow-auto pb-24 pl-6 pr-18 pt-6 scrollbar-none"
          >
            <div
              class="flex flex-col "
            >
              <div
                class="flex gap-2 "
              >
                <div
                  class="relative h-14 w-14"
                >
                  <span
                    class="flex shrink-0 overflow-hidden rounded-full relative h-12 w-12 bg-sky-600"
                  >
                    <span
                      class="flex h-full w-full items-center justify-center rounded-full bg-transparent text-white"
                    />
                  </span>
                </div>
                <div
                  class="flex flex-col"
                >
                  <div
                    class="mb-5 flex items-center gap-1"
                  >
                    <p
                      class="inline-block text-sm font-medium text-black"
                    >
                      Me
                    </p>
                    <p
                      class="inline-block text-xs font-medium leading-5 text-gray-500"
                    >
                      01/01/2023 12:00 AM
                    </p>
                  </div>
                  <div
                    class="flex items-end"
                  >
                    <div
                      class="relative max-w-[280px] rounded-lg p-4 sm:max-w-xs md:max-w-lg lg:max-w-3xl xl:max-w-3xl bg-primary"
                    >
                      <div
                        class="prose break-words dark:prose-invert prose-p:leading-relaxed prose-pre:p-0 text-white"
                      >
                        <p
                          class="prose-sm mb-2 font-normal last:mb-0"
                        >
                          hello1
                        </p>
                      </div>
                      <div
                        class="absolute bottom-full left-full flex -translate-x-14 translate-y-4"
                      />
                    </div>
                  </div>
                </div>
              </div>
            </div>
            <div
              class="flex flex-col "
            >
              <div
                class="flex gap-2 "
              >
                <div
                  class="relative h-14 w-14"
                >
                  <span
                    class="flex shrink-0 overflow-hidden rounded-full relative h-12 w-12 bg-sky-600"
                  >
                    <span
                      class="flex h-full w-full items-center justify-center rounded-full bg-transparent text-white"
                    >
                      C
                    </span>
                  </span>
                </div>
                <div
                  class="flex flex-col"
                >
                  <div
                    class="mb-5 flex items-center gap-1"
                  >
                    <p
                      class="inline-block text-sm font-medium text-black"
                    >
                      chat-app
                    </p>
                    <p
                      class="inline-block text-xs font-medium leading-5 text-gray-500"
                    >
                      01/01/2023 12:00 AM
                    </p>
                  </div>
                  <div
                    class="flex items-end"
                  >
                    <div
                      class="relative max-w-[280px] rounded-lg p-4 sm:max-w-xs md:max-w-lg lg:max-w-3xl xl:max-w-3xl bg-gray-100"
                    >
                      <div
                        class="prose break-words dark:prose-invert prose-p:leading-relaxed prose-pre:p-0 text-black"
                      >
                        <p
                          class="prose-sm mb-2 font-normal last:mb-0"
                        >
                          hello2
                        </p>
                      </div>
                      <div
                        class="absolute bottom-full left-full flex -translate-x-14 translate-y-4"
                      >
                        <div
                          class="flex w-[4.75rem] flex-row-reverse"
                        >
                          <div
                            class="mr-1 rounded-md border bg-white p-2 cursor-pointer hover:bg-slate-100 active:bg-slate-300"
                          >
                            <svg
                              class="stroke-slate-400"
                              fill="none"
                              height="16"
                              stroke="currentColor"
                              stroke-linecap="round"
                              stroke-linejoin="round"
                              stroke-width="3"
                              viewBox="0 0 24 24"
                              width="16"
                              xmlns="http://www.w3.org/2000/svg"
                            >
                              <path
                                d="M7 10v12"
                              />
                              <path
                                d="M15 5.88 14 10h5.83a2 2 0 0 1 1.92 2.56l-2.33 8A2 2 0 0 1 17.5 22H4a2 2 0 0 1-2-2v-8a2 2 0 0 1 2-2h2.76a2 2 0 0 0 1.79-1.11L12 2h0a3.13 3.13 0 0 1 3 3.88Z"
                              />
                            </svg>
                          </div>
                          <div
                            class="mr-1 rounded-md border bg-white p-2 cursor-pointer hover:bg-slate-100 active:bg-slate-300"
                          >
                            <svg
                              class="stroke-slate-400"
                              fill="none"
                              height="16"
                              stroke="currentColor"
                              stroke-linecap="round"
                              stroke-linejoin="round"
                              stroke-width="3"
                              viewBox="0 0 24 24"
                              width="16"
                              xmlns="http://www.w3.org/2000/svg"
                            >
                              <path
                                d="M17 14V2"
                              />
                              <path
                                d="M9 18.12 10 14H4.17a2 2 0 0 1-1.92-2.56l2.33-8A2 2 0 0 1 6.5 2H20a2 2 0 0 1 2 2v8a2 2 0 0 1-2 2h-2.76a2 2 0 0 0-1.79 1.11L12 22h0a3.13 3.13 0 0 1-3-3.88Z"
                              />
                            </svg>
                          </div>
                        </div>
                      </div>
                    </div>
                  </div>
                </div>
              </div>
            </div>
            <div
              class="flex flex-col "
            >
              <div
                class="flex gap-2 "
              >
                <div
                  class="relative h-14 w-14"
                >
                  <span
                    class="flex shrink-0 overflow-hidden rounded-full relative h-12 w-12 bg-sky-600"
                  >
                    <span
                      class="flex h-full w-full items-center justify-center rounded-full bg-transparent text-white"
                    />
                  </span>
                </div>
                <div
                  class="flex flex-col"
                >
                  <div
                    class="mb-5 flex items-center gap-1"
                  >
                    <p
                      class="inline-block text-sm font-medium text-black"
                    >
                      Me
                    </p>
                    <p
                      class="inline-block text-xs font-medium leading-5 text-gray-500"
                    >
                      01/01/2023 12:00 AM
                    </p>
                  </div>
                  <div
                    class="flex items-end"
                  >
                    <div
                      class="relative max-w-[280px] rounded-lg p-4 sm:max-w-xs md:max-w-lg lg:max-w-3xl xl:max-w-3xl bg-primary"
                    >
                      <div
                        class="prose break-words dark:prose-invert prose-p:leading-relaxed prose-pre:p-0 text-white"
                      >
                        <p
                          class="prose-sm mb-2 font-normal last:mb-0"
                        >
                          hello3
                        </p>
                      </div>
                      <div
                        class="absolute bottom-full left-full flex -translate-x-14 translate-y-4"
                      />
                    </div>
                  </div>
                </div>
              </div>
            </div>
            <div
              class="flex flex-col "
            >
              <div
                class="flex gap-2 "
              >
                <div
                  class="relative h-14 w-14"
                >
                  <span
                    class="flex shrink-0 overflow-hidden rounded-full relative h-12 w-12 bg-sky-600"
                  >
                    <span
                      class="flex h-full w-full items-center justify-center rounded-full bg-transparent text-white"
                    >
                      C
                    </span>
                  </span>
                </div>
                <div
                  class="flex flex-col"
                >
                  <div
                    class="mb-5 flex items-center gap-1"
                  >
                    <p
                      class="inline-block text-sm font-medium text-black"
                    >
                      chat-app
                    </p>
                    <p
                      class="inline-block text-xs font-medium leading-5 text-gray-500"
                    >
                      01/01/2023 12:00 AM
                    </p>
                  </div>
                  <div
                    class="flex items-end"
                  >
                    <div
                      class="relative max-w-[280px] rounded-lg p-4 sm:max-w-xs md:max-w-lg lg:max-w-3xl xl:max-w-3xl bg-gray-100"
                    >
                      <div
                        class="prose break-words dark:prose-invert prose-p:leading-relaxed prose-pre:p-0 text-black"
                      >
                        <p
                          class="prose-sm mb-2 font-normal last:mb-0"
                        >
                          hello4
                        </p>
                      </div>
                      <div
                        class="absolute bottom-full left-full flex -translate-x-14 translate-y-4"
                      >
                        <div
                          class="flex w-[4.75rem] flex-row-reverse"
                        >
                          <div
                            class="mr-1 rounded-md border bg-white p-2 cursor-pointer hover:bg-slate-100 active:bg-slate-300"
                          >
                            <svg
                              class="stroke-slate-400"
                              fill="none"
                              height="16"
                              stroke="currentColor"
                              stroke-linecap="round"
                              stroke-linejoin="round"
                              stroke-width="3"
                              viewBox="0 0 24 24"
                              width="16"
                              xmlns="http://www.w3.org/2000/svg"
                            >
                              <path
                                d="M7 10v12"
                              />
                              <path
                                d="M15 5.88 14 10h5.83a2 2 0 0 1 1.92 2.56l-2.33 8A2 2 0 0 1 17.5 22H4a2 2 0 0 1-2-2v-8a2 2 0 0 1 2-2h2.76a2 2 0 0 0 1.79-1.11L12 2h0a3.13 3.13 0 0 1 3 3.88Z"
                              />
                            </svg>
                          </div>
                          <div
                            class="mr-1 rounded-md border bg-white p-2 cursor-pointer hover:bg-slate-100 active:bg-slate-300"
                          >
                            <svg
                              class="stroke-slate-400"
                              fill="none"
                              height="16"
                              stroke="currentColor"
                              stroke-linecap="round"
                              stroke-linejoin="round"
                              stroke-width="3"
                              viewBox="0 0 24 24"
                              width="16"
                              xmlns="http://www.w3.org/2000/svg"
                            >
                              <path
                                d="M17 14V2"
                              />
                              <path
                                d="M9 18.12 10 14H4.17a2 2 0 0 1-1.92-2.56l2.33-8A2 2 0 0 1 6.5 2H20a2 2 0 0 1 2 2v8a2 2 0 0 1-2 2h-2.76a2 2 0 0 0-1.79 1.11L12 22h0a3.13 3.13 0 0 1-3-3.88Z"
                              />
                            </svg>
                          </div>
                        </div>
                      </div>
                    </div>
                  </div>
                </div>
              </div>
            </div>
          </div>
          <div
            class="relative flex w-full flex-col gap-4 px-6 pb-4"
          >
            <div
              class="absolute top-[-60px] flex w-full items-center justify-center"
            >
              <button
                class="inline-flex items-center justify-center rounded-md text-sm font-medium ring-offset-background transition-colors focus-visible:outline-none focus-visible:ring-2 focus-visible:ring-ring focus-visible:ring-offset-2 disabled:pointer-events-none disabled:opacity-50 border border-input hover:bg-accent hover:text-accent-foreground h-10 px-4 py-2 bg-white"
              >
                <svg
                  class="mr-2"
                  fill="none"
                  height="16"
                  stroke="currentColor"
                  stroke-linecap="round"
                  stroke-linejoin="round"
                  stroke-width="2"
                  viewBox="0 0 24 24"
                  width="16"
                  xmlns="http://www.w3.org/2000/svg"
                >
                  <path
                    d="M3 12a9 9 0 0 1 9-9 9.75 9.75 0 0 1 6.74 2.74L21 8"
                  />
                  <path
                    d="M21 3v5h-5"
                  />
                  <path
                    d="M21 12a9 9 0 0 1-9 9 9.75 9.75 0 0 1-6.74-2.74L3 16"
                  />
                  <path
                    d="M8 16H3v5"
                  />
                </svg>
                Regenerate response
              </button>
            </div>
            <form>
              <div
                class="flex justify-between space-x-2"
              >
                <textarea
                  class="flex w-full resize-none rounded-md border border-input bg-transparent px-3 py-2 text-sm ring-offset-background placeholder:text-muted-foreground focus-visible:outline-none focus-visible:ring-2 focus-visible:ring-ring focus-visible:ring-offset-2 disabled:cursor-not-allowed disabled:opacity-50 min-h-[40px]"
                  data-testid="input"
                  placeholder="Type a message"
                />
                <button
                  class="inline-flex items-center justify-center rounded-md text-sm font-medium ring-offset-background transition-colors focus-visible:outline-none focus-visible:ring-2 focus-visible:ring-ring focus-visible:ring-offset-2 disabled:pointer-events-none disabled:opacity-50 bg-primary text-primary-foreground hover:bg-primary/90 h-10 px-4 py-2"
                  data-testid="send"
                  disabled=""
                  type="submit"
                >
                  Send
                </button>
              </div>
            </form>
          </div>
        </div>
      </div>
    </div>
  </div>
</DocumentFragment>
`;
